// Jest Snapshot v1, https://goo.gl/fbAQLP

exports[`CategoryList component matches the snapshot 1`] = `
<ul
  className="MuiList-root MuiList-padding"
>
  <div
    aria-disabled={false}
    className="MuiButtonBase-root MuiListItem-root MuiListItem-gutters MuiListItem-button"
    onBlur={[Function]}
    onClick={[Function]}
    onDragLeave={[Function]}
    onFocus={[Function]}
    onKeyDown={[Function]}
    onKeyUp={[Function]}
    onMouseDown={[Function]}
    onMouseLeave={[Function]}
    onMouseUp={[Function]}
    onTouchEnd={[Function]}
    onTouchMove={[Function]}
    onTouchStart={[Function]}
    role="button"
    tabIndex={0}
  >
    <div
      className="MuiListItemText-root"
    >
      <span
        className="MuiTypography-root MuiListItemText-primary MuiTypography-body1"
      >
        <div
          className="MuiBox-root MuiBox-root-56 ho"
        >
          category1
        </div>
      </span>
    </div>
  </div>
  <div
    aria-disabled={false}
    className="MuiButtonBase-root MuiListItem-root MuiListItem-gutters MuiListItem-button"
    onBlur={[Function]}
    onClick={[Function]}
    onDragLeave={[Function]}
    onFocus={[Function]}
    onKeyDown={[Function]}
    onKeyUp={[Function]}
    onMouseDown={[Function]}
    onMouseLeave={[Function]}
    onMouseUp={[Function]}
    onTouchEnd={[Function]}
    onTouchMove={[Function]}
    onTouchStart={[Function]}
    role="button"
    tabIndex={0}
  >
    <div
      className="MuiListItemText-root"
    >
      <span
        className="MuiTypography-root MuiListItemText-primary MuiTypography-body1"
      >
        <div
          className="MuiBox-root MuiBox-root-57 ho"
        >
          category3
        </div>
      </span>
    </div>
  </div>
</ul>
`;
