// Jest Snapshot v1, https://goo.gl/fbAQLP

exports[`ItemList component matches the snapshot 1`] = `
Array [
  <div>
    <div
      className="MuiBox-root MuiBox-root-2"
      justify="center"
    >
      <div
        className="MuiGrid-root MuiGrid-container"
      >
        <div
          className="MuiGrid-root MuiGrid-item MuiGrid-grid-xs-12 MuiGrid-grid-sm-4 MuiGrid-grid-md-4 MuiGrid-grid-lg-4"
        >
          <div
            className="MuiPaper-root MuiPaper-elevation1 MuiCard-root makeStyles-card-106 MuiPaper-rounded"
          >
            <div
              className="MuiCardMedia-root makeStyles-media-107"
              style={
                Object {
                  "backgroundImage": "url(\\"http://dg9c95ld8mycd.cloudfront.net/items/pic1\\")",
                }
              }
              title="ver"
            />
            <div
              className="MuiCardContent-root makeStyles-cardContent-108"
            >
              <div
                className="MuiBox-root MuiBox-root-141 nameTxt"
              >
                Name 
                ver
              </div>
              <div
                className="MuiBox-root MuiBox-root-142 priceTxt"
              >
                <span>
                  Price
                </span>
                :Price
                4000
                 Ks
              </div>
            </div>
            <div
              className="MuiCardActions-root makeStyles-cardActions-109 MuiCardActions-spacing"
            >
              <button
                className="MuiButtonBase-root MuiButton-root MuiButton-outlined MuiButton-outlinedPrimary MuiButton-fullWidth"
                disabled={false}
                onBlur={[Function]}
                onClick={[Function]}
                onDragLeave={[Function]}
                onFocus={[Function]}
                onKeyDown={[Function]}
                onKeyUp={[Function]}
                onMouseDown={[Function]}
                onMouseLeave={[Function]}
                onMouseUp={[Function]}
                onTouchEnd={[Function]}
                onTouchMove={[Function]}
                onTouchStart={[Function]}
                tabIndex={0}
                type="button"
              >
                <span
                  className="MuiButton-label"
                >
                  <div
                    className="MuiBox-root MuiBox-root-165"
                  >
                    <span>
                      Add Button
                    </span>
                  </div>
                  <svg
                    aria-hidden="true"
                    className="MuiSvgIcon-root"
                    focusable="false"
                    role="presentation"
                    viewBox="0 0 24 24"
                  >
                    <path
                      d="M0 0h24v24H0zm18.31 6l-2.76 5z"
                      fill="none"
                    />
                    <path
                      d="M11 9h2V6h3V4h-3V1h-2v3H8v2h3v3zm-4 9c-1.1 0-1.99.9-1.99 2S5.9 22 7 22s2-.9 2-2-.9-2-2-2zm10 0c-1.1 0-1.99.9-1.99 2s.89 2 1.99 2 2-.9 2-2-.9-2-2-2zm-9.83-3.25l.03-.12.9-1.63h7.45c.75 0 1.41-.41 1.75-1.03l3.86-7.01L19.42 4h-.01l-1.1 2-2.76 5H8.53l-.13-.27L6.16 6l-.95-2-.94-2H1v2h2l3.6 7.59-1.35 2.45c-.16.28-.25.61-.25.96 0 1.1.9 2 2 2h12v-2H7.42c-.13 0-.25-.11-.25-.25z"
                    />
                  </svg>
                </span>
              </button>
            </div>
          </div>
        </div>
        <div
          className="MuiGrid-root MuiGrid-item MuiGrid-grid-xs-12 MuiGrid-grid-sm-4 MuiGrid-grid-md-4 MuiGrid-grid-lg-4"
        >
          <div
            className="MuiPaper-root MuiPaper-elevation1 MuiCard-root makeStyles-card-106 MuiPaper-rounded"
          >
            <div
              className="MuiCardMedia-root makeStyles-media-107"
              style={
                Object {
                  "backgroundImage": "url(\\"http://dg9c95ld8mycd.cloudfront.net/items/pic2\\")",
                }
              }
              title="mer"
            />
            <div
              className="MuiCardContent-root makeStyles-cardContent-108"
            >
              <div
                className="MuiBox-root MuiBox-root-175 nameTxt"
              >
                Name 
                mer
              </div>
              <div
                className="MuiBox-root MuiBox-root-176 priceTxt"
              >
                <span>
                  Price
                </span>
                :Price
                3000
                 Ks
              </div>
            </div>
            <div
              className="MuiCardActions-root makeStyles-cardActions-109 MuiCardActions-spacing"
            >
              <button
                className="MuiButtonBase-root MuiButton-root MuiButton-outlined MuiButton-outlinedPrimary MuiButton-fullWidth"
                disabled={false}
                onBlur={[Function]}
                onClick={[Function]}
                onDragLeave={[Function]}
                onFocus={[Function]}
                onKeyDown={[Function]}
                onKeyUp={[Function]}
                onMouseDown={[Function]}
                onMouseLeave={[Function]}
                onMouseUp={[Function]}
                onTouchEnd={[Function]}
                onTouchMove={[Function]}
                onTouchStart={[Function]}
                tabIndex={0}
                type="button"
              >
                <span
                  className="MuiButton-label"
                >
                  <div
                    className="MuiBox-root MuiBox-root-177"
                  >
                    <span>
                      Add Button
                    </span>
                  </div>
                  <svg
                    aria-hidden="true"
                    className="MuiSvgIcon-root"
                    focusable="false"
                    role="presentation"
                    viewBox="0 0 24 24"
                  >
                    <path
                      d="M0 0h24v24H0zm18.31 6l-2.76 5z"
                      fill="none"
                    />
                    <path
                      d="M11 9h2V6h3V4h-3V1h-2v3H8v2h3v3zm-4 9c-1.1 0-1.99.9-1.99 2S5.9 22 7 22s2-.9 2-2-.9-2-2-2zm10 0c-1.1 0-1.99.9-1.99 2s.89 2 1.99 2 2-.9 2-2-.9-2-2-2zm-9.83-3.25l.03-.12.9-1.63h7.45c.75 0 1.41-.41 1.75-1.03l3.86-7.01L19.42 4h-.01l-1.1 2-2.76 5H8.53l-.13-.27L6.16 6l-.95-2-.94-2H1v2h2l3.6 7.59-1.35 2.45c-.16.28-.25.61-.25.96 0 1.1.9 2 2 2h12v-2H7.42c-.13 0-.25-.11-.25-.25z"
                    />
                  </svg>
                </span>
              </button>
            </div>
          </div>
        </div>
      </div>
    </div>
  </div>,
  " ",
]
`;
