// Jest Snapshot v1, https://goo.gl/fbAQLP

exports[`OrderDetail component matches the snapshot 1`] = `
Array [
  <div>
    <div
      className="MuiContainer-root MuiContainer-maxWidthLg"
    >
      <div>
        <header
          className="MuiPaper-root MuiPaper-elevation4 MuiAppBar-root MuiAppBar-positionFixed makeStyles-appBar-15 MuiAppBar-colorPrimary mui-fixed"
        >
          <div
            className="MuiToolbar-root MuiToolbar-regular MuiToolbar-gutters"
          >
            <button
              aria-label="Open drawer"
              className="MuiButtonBase-root MuiIconButton-root makeStyles-menuButton-16 MuiIconButton-edgeStart"
              disabled={false}
              onBlur={[Function]}
              onDragLeave={[Function]}
              onFocus={[Function]}
              onKeyDown={[Function]}
              onKeyUp={[Function]}
              onMouseDown={[Function]}
              onMouseLeave={[Function]}
              onMouseUp={[Function]}
              onTouchEnd={[Function]}
              onTouchMove={[Function]}
              onTouchStart={[Function]}
              tabIndex={0}
              type="button"
            >
              <span
                className="MuiIconButton-label"
              />
              <span
                className="MuiTouchRipple-root"
              />
            </button>
            <div
              className="PrivateHiddenCss-smDown-81"
            >
              <div
                className="MuiBox-root MuiBox-root-92 title"
              >
                <span>
                  Rookie Training 2019
                </span>
              </div>
            </div>
            <div
              className="MuiBox-root MuiBox-root-93"
            >
              <div
                className="MuiGrid-root MuiGrid-container"
              >
                <div
                  className="MuiBox-root MuiBox-root-197 makeStyles-navMenuList-20"
                />
                <button
                  aria-controls="long-menu"
                  aria-haspopup="true"
                  aria-label="More"
                  className="MuiButtonBase-root MuiIconButton-root MuiIconButton-colorSecondary"
                  disabled={false}
                  onBlur={[Function]}
                  onClick={[Function]}
                  onDragLeave={[Function]}
                  onFocus={[Function]}
                  onKeyDown={[Function]}
                  onKeyUp={[Function]}
                  onMouseDown={[Function]}
                  onMouseLeave={[Function]}
                  onMouseUp={[Function]}
                  onTouchEnd={[Function]}
                  onTouchMove={[Function]}
                  onTouchStart={[Function]}
                  tabIndex={0}
                  type="button"
                >
                  <span
                    className="MuiIconButton-label"
                  >
                    <svg
                      aria-hidden="true"
                      className="MuiSvgIcon-root"
                      focusable="false"
                      role="presentation"
                      viewBox="0 0 24 24"
                    >
                      <path
                        d="M12 8c1.1 0 2-.9 2-2s-.9-2-2-2-2 .9-2 2 .9 2 2 2zm0 2c-1.1 0-2 .9-2 2s.9 2 2 2 2-.9 2-2-.9-2-2-2zm0 6c-1.1 0-2 .9-2 2s.9 2 2 2 2-.9 2-2-.9-2-2-2z"
                      />
                    </svg>
                  </span>
                  <span
                    className="MuiTouchRipple-root"
                  />
                </button>
              </div>
            </div>
          </div>
        </header>
      </div>
      <div
        className="makeStyles-toolbar-6"
      />
      <div
        className="MuiBox-root MuiBox-root-222"
      >
        <div
          className="MuiBox-root MuiBox-root-223"
        />
      </div>
      <div
        className="MuiBox-root MuiBox-root-224 txt3"
      >
         
        <span>
          Order History
        </span>
      </div>
      <div>
        <div>
          <div
            className="title_Ship"
          >
            <div
              className="MuiGrid-root nameTxt"
              mb={1}
              mt={1}
            >
              <div
                className="MuiGrid-root txt4 MuiGrid-item MuiGrid-grid-xs-12 MuiGrid-grid-sm-12"
                ml={1}
              >
                Order Id- 
                 
              </div>
              <div
                className="MuiGrid-root text2 MuiGrid-container"
                mb={1}
                mt={1}
              >
                <div
                  className="MuiGrid-root MuiGrid-item MuiGrid-grid-xs-12 MuiGrid-grid-sm-6"
                >
                  Order Date- 
                  2019-07-30 07:48:47
                </div>
                <div
                  className="MuiGrid-root MuiGrid-item MuiGrid-grid-xs-12 MuiGrid-grid-sm-6"
                >
                  Order Total- 
                  4100
                </div>
              </div>
            </div>
          </div>
          <div
            className="MuiGrid-root MuiGrid-container"
            mb={1}
            mt={1}
          >
            <div
              className="MuiGrid-root MuiGrid-item MuiGrid-grid-xs-12 MuiGrid-grid-sm-6"
            >
              <div
                className="MuiPaper-root MuiPaper-elevation1 MuiCard-root MuiPaper-rounded"
              >
                <div
                  className="MuiCardContent-root"
                >
                  <div
                    className="MuiBox-root MuiBox-root-227 text2"
                  >
                    <div
                      className="MuiGrid-root txt4 MuiGrid-item MuiGrid-grid-xs-6 MuiGrid-grid-sm-6"
                      fontSize={20}
                    >
                      Billing Address
                    </div>
                    <div
                      className="MuiGrid-root MuiGrid-item MuiGrid-grid-xs-6 MuiGrid-grid-sm-6"
                    >
                      khin
                       
                      lawoon
                    </div>
                    <div
                      className="MuiGrid-root MuiGrid-item MuiGrid-grid-xs-6 MuiGrid-grid-sm-6"
                    >
                      23street
                       
                      CMTZ
                    </div>
                    <div
                      className="MuiGrid-root MuiGrid-item MuiGrid-grid-xs-6 MuiGrid-grid-sm-6"
                    >
                      mandalay
                    </div>
                    <div
                      className="MuiGrid-root MuiGrid-item MuiGrid-grid-xs-6 MuiGrid-grid-sm-6"
                    >
                      mandalay
                    </div>
                    <div
                      className="MuiGrid-root MuiGrid-item MuiGrid-grid-xs-6 MuiGrid-grid-sm-6"
                    >
                      myanmar
                    </div>
                    <div
                      className="MuiGrid-root MuiGrid-item MuiGrid-grid-xs-6 MuiGrid-grid-sm-6"
                    />
                    <hr
                      className="MuiDivider-root"
                    />
                    <div
                      className="MuiGrid-root txt4 MuiGrid-item MuiGrid-grid-xs-6 MuiGrid-grid-sm-6"
                    >
                      Payment Method
                    </div>
                    <div
                      className="MuiGrid-root text2 MuiGrid-item MuiGrid-grid-xs-6 MuiGrid-grid-sm-6"
                    >
                      Checkmoney/MoneyOrder
                    </div>
                  </div>
                </div>
              </div>
            </div>
            <div
              className="MuiGrid-root MuiGrid-item MuiGrid-grid-xs-12 MuiGrid-grid-sm-6"
            >
              <div
                className="MuiPaper-root MuiPaper-elevation1 MuiCard-root MuiPaper-rounded"
              >
                <div
                  className="MuiCardContent-root"
                >
                  <div
                    className="MuiBox-root MuiBox-root-233 text2"
                  >
                    <div
                      className="MuiGrid-root txt4 MuiGrid-item MuiGrid-grid-xs-6 MuiGrid-grid-sm-6"
                      fontSize={20}
                    >
                      Delivery Address
                    </div>
                    <div
                      className="MuiGrid-root MuiGrid-item MuiGrid-grid-xs-6 MuiGrid-grid-sm-6"
                    >
                      khin
                       
                      lawoon
                    </div>
                    <div
                      className="MuiGrid-root MuiGrid-item MuiGrid-grid-xs-6 MuiGrid-grid-sm-6"
                    >
                      23street
                       
                      CMTZ
                    </div>
                    <div
                      className="MuiGrid-root MuiGrid-item MuiGrid-grid-xs-6 MuiGrid-grid-sm-6"
                    >
                      mandalay
                    </div>
                    <div
                      className="MuiGrid-root MuiGrid-item MuiGrid-grid-xs-6 MuiGrid-grid-sm-6"
                    >
                      mandalay
                    </div>
                    <div
                      className="MuiGrid-root MuiGrid-item MuiGrid-grid-xs-6 MuiGrid-grid-sm-6"
                    >
                      myanmar
                    </div>
                    <div
                      className="MuiGrid-root MuiGrid-item MuiGrid-grid-xs-6 MuiGrid-grid-sm-6"
                    />
                    <hr
                      className="MuiDivider-root"
                    />
                    <div
                      className="MuiGrid-root txt4 MuiGrid-item MuiGrid-grid-xs-6 MuiGrid-grid-sm-6"
                    >
                      Shipping Method
                    </div>
                    <div
                      className="MuiGrid-root text2 MuiGrid-item MuiGrid-grid-xs-6 MuiGrid-grid-sm-6"
                    >
                      Shipping
                    </div>
                  </div>
                </div>
              </div>
            </div>
          </div>
        </div>
      </div>
      <div
        className="MuiPaper-root MuiPaper-elevation1 makeStyles-root-1 MuiPaper-rounded"
      >
        <table
          className="MuiTable-root makeStyles-table-2"
        >
          <thead
            className="MuiTableHead-root makeStyles-tbHead-3"
          >
            <tr
              className="MuiTableRow-root MuiTableRow-head"
            >
              <th
                aria-sort={null}
                className="MuiTableCell-root makeStyles-cell-4 MuiTableCell-head MuiTableCell-alignLeft"
                scope="col"
              >
                Id
              </th>
              <th
                aria-sort={null}
                className="MuiTableCell-root makeStyles-cell-4 MuiTableCell-head MuiTableCell-alignLeft"
                scope="col"
              >
                OrderId
              </th>
              <th
                aria-sort={null}
                className="MuiTableCell-root makeStyles-cell-4 MuiTableCell-head MuiTableCell-alignLeft"
                scope="col"
              >
                Item Id
              </th>
              <th
                aria-sort={null}
                className="MuiTableCell-root makeStyles-cell-4 MuiTableCell-head MuiTableCell-alignLeft"
                scope="col"
              >
                Item Name
              </th>
              <th
                aria-sort={null}
                className="MuiTableCell-root makeStyles-cell-4 MuiTableCell-head MuiTableCell-alignLeft"
                scope="col"
              >
                Price
              </th>
              <th
                aria-sort={null}
                className="MuiTableCell-root makeStyles-cell-4 MuiTableCell-head MuiTableCell-alignLeft"
                scope="col"
              >
                Qty
              </th>
              <th
                aria-sort={null}
                className="MuiTableCell-root makeStyles-cell-4 MuiTableCell-head MuiTableCell-alignLeft"
                scope="col"
              >
                Total Price
              </th>
            </tr>
          </thead>
          <tbody
            className="MuiTableBody-root"
          >
            <tr
              className="MuiTableRow-root tbr"
            >
              <td
                aria-sort={null}
                className="MuiTableCell-root MuiTableCell-body MuiTableCell-alignLeft"
              >
                <div
                  className="text2"
                >
                  1
                </div>
              </td>
              <td
                aria-sort={null}
                className="MuiTableCell-root MuiTableCell-body MuiTableCell-alignLeft"
              >
                <div
                  className="text2"
                />
              </td>
              <td
                aria-sort={null}
                className="MuiTableCell-root MuiTableCell-body MuiTableCell-alignLeft"
              >
                <div
                  className="text2"
                >
                  12
                </div>
              </td>
              <td
                aria-sort={null}
                className="MuiTableCell-root MuiTableCell-body MuiTableCell-alignLeft"
              >
                <div
                  className="text2"
                >
                  item1
                </div>
              </td>
              <td
                aria-sort={null}
                className="MuiTableCell-root MuiTableCell-body MuiTableCell-alignLeft"
              >
                <div
                  className="text2"
                >
                  800
                </div>
              </td>
              <td
                aria-sort={null}
                className="MuiTableCell-root MuiTableCell-body MuiTableCell-alignLeft"
              >
                <div
                  className="text2"
                >
                  2
                </div>
              </td>
              <td
                aria-sort={null}
                className="MuiTableCell-root MuiTableCell-body MuiTableCell-alignLeft"
              >
                <div
                  className="text2"
                >
                  1600
                </div>
              </td>
            </tr>
            <tr
              className="MuiTableRow-root tbr"
            >
              <td
                aria-sort={null}
                className="MuiTableCell-root MuiTableCell-body MuiTableCell-alignLeft"
              >
                <div
                  className="text2"
                >
                  2
                </div>
              </td>
              <td
                aria-sort={null}
                className="MuiTableCell-root MuiTableCell-body MuiTableCell-alignLeft"
              >
                <div
                  className="text2"
                />
              </td>
              <td
                aria-sort={null}
                className="MuiTableCell-root MuiTableCell-body MuiTableCell-alignLeft"
              >
                <div
                  className="text2"
                >
                  10
                </div>
              </td>
              <td
                aria-sort={null}
                className="MuiTableCell-root MuiTableCell-body MuiTableCell-alignLeft"
              >
                <div
                  className="text2"
                >
                  item2
                </div>
              </td>
              <td
                aria-sort={null}
                className="MuiTableCell-root MuiTableCell-body MuiTableCell-alignLeft"
              >
                <div
                  className="text2"
                >
                  500
                </div>
              </td>
              <td
                aria-sort={null}
                className="MuiTableCell-root MuiTableCell-body MuiTableCell-alignLeft"
              >
                <div
                  className="text2"
                >
                  5
                </div>
              </td>
              <td
                aria-sort={null}
                className="MuiTableCell-root MuiTableCell-body MuiTableCell-alignLeft"
              >
                <div
                  className="text2"
                >
                  2500
                </div>
              </td>
            </tr>
          </tbody>
        </table>
        <div>
          <div
            className="MuiBox-root MuiBox-root-253"
          >
            <div
              className="MuiGrid-root MuiGrid-item MuiGrid-grid-sm-4"
            >
              <div
                className="MuiBox-root MuiBox-root-254"
              >
                 
              </div>
            </div>
            <div
              className="MuiGrid-root nameTxt MuiGrid-item MuiGrid-grid-xs-6 MuiGrid-grid-sm-4"
            >
              <div
                className="MuiBox-root MuiBox-root-255"
              >
                 
                <span>
                  SubTotal
                </span>
              </div>
              <div
                className="MuiBox-root MuiBox-root-256"
              >
                <span>
                  Sales Tax
                </span>
              </div>
              <div
                className="MuiBox-root MuiBox-root-257"
              >
                <span>
                  Total Price
                </span>
              </div>
            </div>
            <div
              className="MuiGrid-root nameTxt MuiGrid-item MuiGrid-grid-xs-6 MuiGrid-grid-sm-4"
            >
              <div
                className="MuiBox-root MuiBox-root-258"
              >
                4100
                 MMK 
              </div>
              <div
                className="MuiBox-root MuiBox-root-259"
              >
                0.0 MMK 
              </div>
              <div
                className="MuiBox-root MuiBox-root-260"
              >
                4100
                 MMK
              </div>
            </div>
          </div>
        </div>
      </div>
      <div
        className="MuiBox-root MuiBox-root-261"
      >
        <div
          className="MuiBox-root MuiBox-root-262"
        >
          <button
            className="MuiButtonBase-root MuiButton-root MuiButton-contained MuiButton-containedPrimary"
            disabled={false}
            onBlur={[Function]}
            onClick={[Function]}
            onDragLeave={[Function]}
            onFocus={[Function]}
            onKeyDown={[Function]}
            onKeyUp={[Function]}
            onMouseDown={[Function]}
            onMouseLeave={[Function]}
            onMouseUp={[Function]}
            onTouchEnd={[Function]}
            onTouchMove={[Function]}
            onTouchStart={[Function]}
            tabIndex={0}
            type="button"
          >
            <span
              className="MuiButton-label"
            >
              <span>
                Back
              </span>
            </span>
            <span
              className="MuiTouchRipple-root"
            />
          </button>
        </div>
      </div>
    </div>
  </div>,
  " ",
]
`;

exports[`OrderDetail component matches the snapshot 2`] = `
Array [
  <div>
    <div>
      <div
        className="MuiBox-root MuiBox-root-298"
      >
        <main
          className="MuiContainer-root container MuiContainer-maxWidthXs"
        >
          <div
            className="MuiBox-root MuiBox-root-301 authTitle"
          >
            <span>
              Sign In
            </span>
          </div>
          <a
            className="MuiTypography-root MuiLink-root MuiLink-underlineHover MuiTypography-colorPrimary"
            onBlur={[Function]}
            onClick={[Function]}
            onFocus={[Function]}
          >
            <span
              className="close-btn"
            >
              <img
                alt="closeicon"
                src="https://cdn4.iconfinder.com/data/icons/miu/22/circle_close_delete_-128.png"
              />
            </span>
          </a>
          <form
            onSubmit={[Function]}
          >
            <div
              className="MuiBox-root MuiBox-root-338"
            />
            <div
              className="MuiBox-root MuiBox-root-339"
            >
              <div
                className="MuiGrid-root MuiGrid-container"
              >
                <div
                  className="MuiGrid-root MuiGrid-item MuiGrid-grid-xs-12 MuiGrid-grid-sm-12"
                >
                  <div
                    className="MuiBox-root MuiBox-root-444"
                  >
                    <div
                      className="MuiFormControl-root MuiTextField-root txtField MuiFormControl-fullWidth"
                    >
                      <label
                        className="MuiFormLabel-root MuiInputLabel-root MuiInputLabel-formControl MuiInputLabel-animated MuiInputLabel-outlined Mui-required Mui-required"
                        data-shrink={false}
                        htmlFor="email"
                        style={
                          Object {
                            "color": "#ffffff",
                          }
                        }
                      >
                        Email Address
                        <span
                          className="MuiFormLabel-asterisk MuiInputLabel-asterisk"
                        >
                           
                          *
                        </span>
                      </label>
                      <div
                        className="MuiInputBase-root MuiOutlinedInput-root MuiInputBase-fullWidth MuiInputBase-formControl"
                        onClick={[Function]}
                      >
                        <input
                          aria-invalid={false}
                          autoComplete="email"
                          className="MuiInputBase-input MuiOutlinedInput-input"
                          disabled={false}
                          id="email"
                          onBlur={[Function]}
                          onChange={[Function]}
                          onFocus={[Function]}
                          required={true}
                          type="email"
                          value=""
                        />
                        <fieldset
                          aria-hidden={true}
                          className="PrivateNotchedOutline-root-502 MuiOutlinedInput-notchedOutline"
                          style={
                            Object {
                              "paddingLeft": 8,
                            }
                          }
                        >
                          <legend
                            className="PrivateNotchedOutline-legend-503"
                            style={
                              Object {
                                "width": 0.01,
                              }
                            }
                          >
                            <span
                              dangerouslySetInnerHTML={
                                Object {
                                  "__html": "&#8203;",
                                }
                              }
                            />
                          </legend>
                        </fieldset>
                      </div>
                    </div>
                  </div>
                </div>
                <div
                  className="MuiGrid-root MuiGrid-item MuiGrid-grid-xs-12 MuiGrid-grid-sm-12"
                >
                  <div
                    className="MuiBox-root MuiBox-root-504"
                  >
                    <div
                      className="MuiFormControl-root MuiTextField-root txtField2 MuiFormControl-fullWidth"
                    >
                      <label
                        className="MuiFormLabel-root MuiInputLabel-root MuiInputLabel-formControl MuiInputLabel-animated MuiInputLabel-outlined Mui-required Mui-required"
                        data-shrink={false}
                        htmlFor="password"
                        style={
                          Object {
                            "color": "#ffffff",
                          }
                        }
                      >
                        Password
                        <span
                          className="MuiFormLabel-asterisk MuiInputLabel-asterisk"
                        >
                           
                          *
                        </span>
                      </label>
                      <div
                        className="MuiInputBase-root MuiOutlinedInput-root MuiInputBase-fullWidth MuiInputBase-formControl"
                        onClick={[Function]}
                      >
                        <input
                          aria-invalid={false}
                          autoComplete="current-password"
                          className="MuiInputBase-input MuiOutlinedInput-input"
                          disabled={false}
                          id="password"
                          onBlur={[Function]}
                          onChange={[Function]}
                          onFocus={[Function]}
                          placeholder="Password"
                          required={true}
                          type="password"
                          value=""
                        />
                        <fieldset
                          aria-hidden={true}
                          className="PrivateNotchedOutline-root-502 MuiOutlinedInput-notchedOutline"
                          style={
                            Object {
                              "paddingLeft": 8,
                            }
                          }
                        >
                          <legend
                            className="PrivateNotchedOutline-legend-503"
                            style={
                              Object {
                                "width": 0.01,
                              }
                            }
                          >
                            <span
                              dangerouslySetInnerHTML={
                                Object {
                                  "__html": "&#8203;",
                                }
                              }
                            />
                          </legend>
                        </fieldset>
                      </div>
                    </div>
                  </div>
                </div>
              </div>
            </div>
            <div
              className="MuiGrid-root makeStyles-btnWrapper-299 MuiGrid-container"
            >
              <button
                className="MuiButtonBase-root MuiButton-root btnSign MuiButton-contained MuiButton-containedPrimary MuiButton-fullWidth"
                disabled={false}
                onBlur={[Function]}
                onDragLeave={[Function]}
                onFocus={[Function]}
                onKeyDown={[Function]}
                onKeyUp={[Function]}
                onMouseDown={[Function]}
                onMouseLeave={[Function]}
                onMouseUp={[Function]}
                onTouchEnd={[Function]}
                onTouchMove={[Function]}
                onTouchStart={[Function]}
                tabIndex={0}
                type="submit"
              >
                <span
                  className="MuiButton-label"
                >
                  <span>
                    Sign In
                  </span>
                </span>
              </button>
            </div>
            <div
              className="MuiGrid-root MuiGrid-container"
            >
              <div
                className="MuiGrid-root MuiGrid-item MuiGrid-grid-xs-6"
              >
                <div
                  className="MuiBox-root MuiBox-root-505"
                >
                  <a
                    className="MuiTypography-root MuiLink-root MuiLink-underlineHover ho MuiTypography-body2 MuiTypography-colorPrimary"
                    onBlur={[Function]}
                    onClick={[Function]}
                    onFocus={[Function]}
                  >
                    <span>
                      Forgot Password
                    </span>
                  </a>
                </div>
              </div>
              <div
                className="MuiGrid-root MuiGrid-item MuiGrid-grid-xs-6"
              >
                <div
                  className="MuiBox-root MuiBox-root-506"
                >
                  <a
                    className="MuiTypography-root MuiLink-root MuiLink-underlineHover ho MuiTypography-body2 MuiTypography-colorPrimary"
                    onBlur={[Function]}
                    onClick={[Function]}
                    onFocus={[Function]}
                  >
                    <span>
                      No Account?SignUp?
                    </span>
                  </a>
                </div>
              </div>
            </div>
          </form>
        </main>
      </div>
    </div>
  </div>,
  " ",
]
`;
