// Jest Snapshot v1, https://goo.gl/fbAQLP

exports[`Titlebar component matches the snapshot 1`] = `
<div>
  <header
    className="MuiPaper-root MuiPaper-elevation4 MuiAppBar-root MuiAppBar-positionFixed makeStyles-appBar-1 MuiAppBar-colorPrimary mui-fixed"
  >
    <div
      className="MuiToolbar-root MuiToolbar-regular MuiToolbar-gutters"
    >
      <button
        aria-label="Open drawer"
        className="MuiButtonBase-root MuiIconButton-root makeStyles-menuButton-2 MuiIconButton-edgeStart"
        disabled={false}
        onBlur={[Function]}
        onClick={[MockFunction]}
        onDragLeave={[Function]}
        onFocus={[Function]}
        onKeyDown={[Function]}
        onKeyUp={[Function]}
        onMouseDown={[Function]}
        onMouseLeave={[Function]}
        onMouseUp={[Function]}
        onTouchEnd={[Function]}
        onTouchMove={[Function]}
        onTouchStart={[Function]}
        tabIndex={0}
        type="button"
      >
        <span
          className="MuiIconButton-label"
        >
          <svg
            aria-hidden="true"
            className="MuiSvgIcon-root"
            focusable="false"
            role="presentation"
            viewBox="0 0 24 24"
          >
            <path
              d="M3 18h18v-2H3v2zm0-5h18v-2H3v2zm0-7v2h18V6H3z"
            />
          </svg>
        </span>
      </button>
      <div
        className="PrivateHiddenCss-smDown-76"
      >
        <div
          className="MuiBox-root MuiBox-root-87 title"
        >
          <span>
            Rookie Training 2019
          </span>
        </div>
      </div>
      <div
        className="MuiBox-root MuiBox-root-88"
      >
        <div
          className="MuiGrid-root MuiGrid-container"
        >
          <div
            className="MuiBox-root MuiBox-root-192 makeStyles-navMenuList-6"
          >
            <div
              className="MuiBox-root MuiBox-root-193"
            >
              <div
                className="PrivateHiddenCss-onlySm-74 PrivateHiddenCss-onlyXs-71 PrivateHiddenCss-onlyMd-77"
              >
                <div
                  className="MuiGrid-root MuiGrid-container"
                >
                  <div
                    align="center"
                    className="MuiGrid-root MuiGrid-item MuiGrid-grid-xs-12"
                  >
                    <div
                      className="root"
                    >
                      <div
                        className="MuiFormControl-root MuiTextField-root makeStyles-margin-195 makeStyles-textField-196 MuiFormControl-marginDense"
                      >
                        <div
                          className="MuiInputBase-root MuiOutlinedInput-root MuiInputBase-formControl MuiInputBase-marginDense MuiOutlinedInput-marginDense"
                          onClick={[Function]}
                        >
                          <select
                            aria-invalid={false}
                            className="MuiSelect-root MuiSelect-select MuiInputBase-input MuiOutlinedInput-input MuiInputBase-inputSelect MuiOutlinedInput-inputSelect MuiInputBase-inputMarginDense MuiOutlinedInput-inputMarginDense MuiSelect-outlined"
                            disabled={false}
                            multiple={false}
                            onBlur={[Function]}
                            onChange={[Function]}
                            onFocus={[Function]}
                            required={false}
                          />
                          <svg
                            aria-hidden="true"
                            className="MuiSvgIcon-root MuiSelect-icon"
                            focusable="false"
                            role="presentation"
                            viewBox="0 0 24 24"
                          >
                            <path
                              d="M7 10l5 5 5-5z"
                            />
                          </svg>
                          <fieldset
                            aria-hidden={true}
                            className="PrivateNotchedOutline-root-242 MuiOutlinedInput-notchedOutline"
                            style={
                              Object {
                                "paddingLeft": 8,
                              }
                            }
                          >
                            <legend
                              className="PrivateNotchedOutline-legend-243"
                              style={
                                Object {
                                  "width": 0.01,
                                }
                              }
                            >
                              <span
                                dangerouslySetInnerHTML={
                                  Object {
                                    "__html": "&#8203;",
                                  }
                                }
                              />
                            </legend>
                          </fieldset>
                        </div>
                      </div>
                    </div>
                  </div>
                </div>
              </div>
            </div>
          </div>
          <button
            className="MuiButtonBase-root MuiIconButton-root MuiIconButton-colorPrimary"
            disabled={false}
            onBlur={[Function]}
            onClick={[Function]}
            onDragLeave={[Function]}
            onFocus={[Function]}
            onKeyDown={[Function]}
            onKeyUp={[Function]}
            onMouseDown={[Function]}
            onMouseLeave={[Function]}
            onMouseUp={[Function]}
            onTouchEnd={[Function]}
            onTouchMove={[Function]}
            onTouchStart={[Function]}
            tabIndex={0}
            type="button"
          >
            <span
              className="MuiIconButton-label"
            >
              <span
                className="MuiBadge-root"
              >
                <svg
                  aria-hidden="true"
                  className="MuiSvgIcon-root"
                  focusable="false"
                  role="presentation"
                  viewBox="0 0 24 24"
                >
                  <path
                    d="M7 18c-1.1 0-1.99.9-1.99 2S5.9 22 7 22s2-.9 2-2-.9-2-2-2zM1 2v2h2l3.6 7.59-1.35 2.45c-.16.28-.25.61-.25.96 0 1.1.9 2 2 2h12v-2H7.42c-.14 0-.25-.11-.25-.25l.03-.12.9-1.63h7.45c.75 0 1.41-.41 1.75-1.03l3.58-6.49c.08-.14.12-.31.12-.48 0-.55-.45-1-1-1H5.21l-.94-2H1zm16 16c-1.1 0-1.99.9-1.99 2s.89 2 1.99 2 2-.9 2-2-.9-2-2-2z"
                  />
                </svg>
                <span
                  className="MuiBadge-badge MuiBadge-colorSecondary"
                >
                  2
                </span>
              </span>
            </span>
          </button>
          <button
            aria-controls="long-menu"
            aria-haspopup="true"
            aria-label="More"
            className="MuiButtonBase-root MuiIconButton-root MuiIconButton-colorSecondary"
            disabled={false}
            onBlur={[Function]}
            onClick={[Function]}
            onDragLeave={[Function]}
            onFocus={[Function]}
            onKeyDown={[Function]}
            onKeyUp={[Function]}
            onMouseDown={[Function]}
            onMouseLeave={[Function]}
            onMouseUp={[Function]}
            onTouchEnd={[Function]}
            onTouchMove={[Function]}
            onTouchStart={[Function]}
            tabIndex={0}
            type="button"
          >
            <span
              className="MuiIconButton-label"
            >
              <svg
                aria-hidden="true"
                className="MuiSvgIcon-root"
                focusable="false"
                role="presentation"
                viewBox="0 0 24 24"
              >
                <path
                  d="M12 8c1.1 0 2-.9 2-2s-.9-2-2-2-2 .9-2 2 .9 2 2 2zm0 2c-1.1 0-2 .9-2 2s.9 2 2 2 2-.9 2-2-.9-2-2-2zm0 6c-1.1 0-2 .9-2 2s.9 2 2 2 2-.9 2-2-.9-2-2-2z"
                />
              </svg>
            </span>
          </button>
        </div>
      </div>
    </div>
  </header>
</div>
`;
